// Jest Snapshot v1, https://goo.gl/fbAQLP

exports[`renders correctly 1`] = `
.c0 {
  padding: 20px;
  background-color: #f7f7f7;
  box-shadow: 0;
  border-radius: 0;
  margin-bottom: 30px;
}

.c0 > :last-child {
  margin-bottom: 0;
}

.c3 {
  font-weight: 500;
}

.c5 {
  font-weight: normal;
}

.c1 {
  padding-left: 0;
}

.c4 {
  padding-left: 20px;
  border-left: 3px solid #d9d9d9;
}

.c2 {
  list-style: none;
}

<div
  className="c0"
>
  <h3>
    Legal
  </h3>
  <ul
    className="c1"
  >
    <li
      className="c2"
    >
      <Link
        className="c3"
        to="/legal/harassment_and_antisocial_behaviour"
      >
        Harassment and antisocial behaviour
      </Link>
    </li>
    <ul
      className="c4"
    >
      <li
        className="c2"
      >
        <Link
          className="c5"
          to="/legal/harassment_and_antisocial_behaviour/sprint-7-legal-page-demo"
        >
          Sprint 7 Legal Page
        </Link>
      </li>
      <li
        className="c2"
      >
        <Link
          className="c5"
          to="/legal/harassment_and_antisocial_behaviour/identifying_the_nature_of_the_problem"
        >
          Identifying the nature of the problem
        </Link>
      </li>
      <li
        className="c2"
      >
        <Link
          className="c5"
          to="/legal/harassment_and_antisocial_behaviour/legal-3"
        >
          legal 3
        </Link>
      </li>
    </ul>
    <li
      className="c2"
    >
      <Link
        className="c5"
        to="/legal/introduction"
      >
        Introduction
      </Link>
    </li>
  </ul>
</div>
`;
