// Jest Snapshot v1, https://goo.gl/fbAQLP

exports[`renders correctly 1`] = `
.c0 {
  max-width: 1140px;
  margin: 0 auto;
  padding: 0 20px;
}

.c1 {
  display: -webkit-box;
  display: -webkit-flex;
  display: -ms-flexbox;
  display: flex;
  -webkit-flex-direction: column;
  -ms-flex-direction: column;
  flex-direction: column;
  margin: 40px 0;
  padding: 20px;
  background: #fff;
  box-shadow: 0 1.5px 4px rgba(0,0,0,0.12),0 1.5px 6px rgba(0,0,0,0.06);
  border-radius: 3px;
}

.c2 {
  display: -webkit-box;
  display: -webkit-flex;
  display: -ms-flexbox;
  display: flex;
  -webkit-flex-direction: column;
  -ms-flex-direction: column;
  flex-direction: column;
  width: 100%;
}

.c3 {
  margin-bottom: 20px;
  padding-right: 20px;
  font-size: 0.775rem;
  font-weight: 400;
  -webkit-text-decoration: none;
  text-decoration: none;
}

.c3:hover {
  color: #ea232d;
}

@media (min-width:62em) {
  .c2 {
    -webkit-flex-direction: row;
    -ms-flex-direction: row;
    flex-direction: row;
    -webkit-flex-wrap: wrap;
    -ms-flex-wrap: wrap;
    flex-wrap: wrap;
  }
}

@media (min-width:62em) {
  .c3 {
    -webkit-flex: 0 0 33.333333333333336%;
    -ms-flex: 0 0 33.333333333333336%;
    flex: 0 0 33.333333333333336%;
  }
}

<div
  className="c0"
>
  <div
    className="c1"
  >
    <h2>
      What an amazing banner
    </h2>
    <div
      className="c2"
    >
      <div
        className="c3"
      >
        <Link
          to="/internal-link-slug"
        >
          Test Page Title
        </Link>
      </div>
      <div
        className="c3"
      >
        <Link
          to="/internal-link-slug"
        >
          Test Page Title
        </Link>
      </div>
      <div
        className="c3"
      >
        <Link
          to="/internal-link-slug"
        >
          Test Page Title
        </Link>
      </div>
      <div
        className="c3"
      >
        <Link
          to="/internal-link-slug"
        >
          Test Page Title
        </Link>
      </div>
    </div>
  </div>
</div>
`;
