// Jest Snapshot v1, https://goo.gl/fbAQLP

exports[`renders correctly 1`] = `
.c7 {
  display: inline-block;
  text-align: center;
  padding: 10px 1em;
  font-weight: normal;
  background-color: #4d63b5;
  border: none;
  color: #fff;
}

.c8 {
  fill: #fff;
  display: inline-block;
  width: 20px;
  height: 20px;
  margin-right: 10px;
  vertical-align: top;
  margin-top: -2px;
}

.c5 {
  border: 1px solid #d9d9d9;
  background-color: white;
  display: block;
  background-size: 15px 15px;
  width: auto;
  padding: 10px;
}

.c3 {
  margin-bottom: 20px;
}

.c1 {
  padding: 20px;
  background-color: #f7f7f7;
  margin-bottom: 20px;
}

.c4 {
  margin-bottom: 10px;
  width: 100%;
}

.c6 {
  width: auto;
  padding: 10px;
}

.c0 {
  max-width: 1140px;
  margin: 0 auto;
  padding: 0 20px;
}

.c2 {
  padding: 0;
  margin: 0;
  -webkit-clip: rect(1px,1px,1px,1px);
  clip: rect(1px,1px,1px,1px);
  -webkit-clip-path: inset(1px);
  clip-path: inset(1px);
  width: 1px;
  height: 1px;
  overflow: hidden;
  position: absolute;
  white-space: nowrap;
}

@media (min-width:40.0625em) {
  .c4 {
    display: inline-block;
    width: 75%;
    margin-right: 10px;
  }
}

@media (min-width:40.0625em) {
  .c6 {
    display: inline-block;
  }
}

<div
  className="c0"
>
  <form
    action="https://england.shelter.org.uk/search"
    className="c1"
    method="GET"
    onReset={[Function]}
    onSubmit={[Function]}
  >
    <fieldset>
      <h3>
        Search our housing advice
      </h3>
      <legend
        className="c2"
      >
        Search our website by keyword
      </legend>
      <label
        className="c2"
        htmlFor="searchTerm"
      >
        Enter your search term
      </label>
      <div
        className="c3"
      >
        <input
          className="c4 c5"
          id="searchTerm"
          name="query"
          onBlur={[Function]}
          onChange={[Function]}
          placeholder="Search topics"
          type="search"
        />
      </div>
      <input
        name="collection"
        onBlur={[Function]}
        onChange={[Function]}
        type="hidden"
        value="shelter-england"
      />
      <input
        name="type"
        onBlur={[Function]}
        onChange={[Function]}
        type="hidden"
        value="Advice"
      />
      <button
        className="c6 c7"
        type="submit"
      >
        <span
          className="isvg loading c8"
        />
        Search
      </button>
    </fieldset>
  </form>
</div>
`;
