// Jest Snapshot v1, https://goo.gl/fbAQLP

exports[`renders correct styles: content 1`] = `
"display: block;
 position: relative;
 background-color: rgb(255, 255, 255);
 max-height: calc(100% - 40px);
 max-width: calc(100% - 40px);
 overflow: scroll;
 padding: 20px;
 z-index: 2;
"
`;

exports[`renders correct styles: overlay 1`] = `
"display: flex;
 position: fixed;
 top: 0px;
 left: 0px;
 right: 0px;
 bottom: 0px;
 background-color: rgba(43, 46, 56, 0.7);
 align-items: center;
 justify-content: center;
"
`;
