// Jest Snapshot v1, https://goo.gl/fbAQLP

exports[`renders correctly 1`] = `
.c0 {
  margin: 0;
  padding: 0.8em 0;
}

.c1 {
  display: inline-block;
  list-style: none;
  margin: 0 0.4em 0 0;
  padding: 0;
}

.c1:after {
  content: '>';
  margin-left: 0.4em;
}

.c1:last-child:after {
  content: '';
}

.c2 {
  font-size: 0.8em;
  -webkit-text-decoration: none;
  text-decoration: none;
}

<nav
  role="navigation"
>
  <ul
    className="c0"
  >
    <li
      className="c1"
    >
      <Link
        className="c2"
        to="/sprint-7-legal-landing-page"
      >
        Legal
      </Link>
    </li>
    <li
      className="c1"
    >
      <Link
        className="c2"
        to="/sprint-7-legal-page-demo"
      >
        Legal - option
      </Link>
    </li>
    <li
      className="c1"
    >
      <Link
        className="c2"
        to="/identifying_the_nature_of_the_problem"
      >
        Legal Page
      </Link>
    </li>
  </ul>
</nav>
`;
