// Jest Snapshot v1, https://goo.gl/fbAQLP

exports[`Renders correctly 1`] = `
.c2 {
  max-width: 1140px;
  margin: 0 auto;
  padding: 0 20px;
  padding: 0;
}

.c12 {
  max-width: 1140px;
  margin: 0 auto;
  padding: 0 20px;
}

.c5 {
  position: relative;
}

.c5:not(:first-of-type):before {
  position: absolute;
  content: ' ';
  left: 0;
  top: 0;
  width: 100%;
}

.c7 {
  position: relative;
  font-weight: normal;
  color: #4d63b5;
}

.c16 ul {
  padding-left: 0;
  list-style: none;
}

.c16 ul li {
  position: relative;
  padding-left: 40px;
}

.c16 ul li::before {
  content: ' ';
  position: absolute;
  top: 8px;
  left: 10px;
  display: block;
  width: 10px;
  height: 10px;
  background: #212122;
}

.c16 ul li ul {
  padding-left: 0;
  list-style: none;
}

.c16 ul li ul li:before {
  background: transparent;
  border: 1px solid #212122;
}

.c16 ol li::before {
  min-width: 10px;
}

.c16 blockquote {
  -webkit-flex: 1;
  -ms-flex: 1;
  flex: 1;
  position: relative;
  margin-right: 20px;
  margin-bottom: 0;
  padding: 60px 20px 20px 20px;
  border-left: 4px solid #ea232d;
  font-size: 1.35em;
  font-weight: 300;
}

.c16 blockquote:before {
  content: '';
  display: block;
  position: absolute;
  width: 30px;
  height: 30px;
  background-image: url(test-file-stub);
  top: 10px;
  left: 20px;
  color: #ea232d;
}

.c18 {
  display: block;
  width: 150px;
}

.c17 {
  display: -webkit-box;
  display: -webkit-flex;
  display: -ms-flexbox;
  display: flex;
  -webkit-align-items: center;
  -webkit-box-align: center;
  -ms-flex-align: center;
  align-items: center;
  -webkit-box-pack: center;
  -webkit-justify-content: center;
  -ms-flex-pack: center;
  justify-content: center;
  height: 52px;
  margin-right: auto;
}

.c0 {
  display: -webkit-box;
  display: -webkit-flex;
  display: -ms-flexbox;
  display: flex;
  -webkit-flex-direction: column;
  -ms-flex-direction: column;
  flex-direction: column;
  background: #212122;
  margin-top: 60px;
  padding-top: 20px;
}

.c1 {
  display: -webkit-box;
  display: -webkit-flex;
  display: -ms-flexbox;
  display: flex;
}

.c1 > div {
  width: 100%;
}

.c15 {
  display: -webkit-box;
  display: -webkit-flex;
  display: -ms-flexbox;
  display: flex;
  margin-bottom: 20px;
}

.c15 .c19 {
  color: #fff;
  fill: #fff;
}

.c3 {
  width: 100%;
  font-size: 0.775rem;
  color: #fff;
  margin-bottom: 20px;
  display: grid;
  grid-template-columns: repeat(1,1fr);
  grid-gap: 20px;
}

.c8 {
  display: -webkit-box;
  display: -webkit-flex;
  display: -ms-flexbox;
  display: flex;
  -webkit-flex-direction: column;
  -ms-flex-direction: column;
  flex-direction: column;
  width: 100%;
  list-style: none;
  margin: 0;
  padding: 0;
}

.c10 {
  font-size: 0.775rem;
  color: #fff;
}

.c10:hover {
  color: #ea232d;
}

.c9 {
  display: -webkit-box;
  display: -webkit-flex;
  display: -ms-flexbox;
  display: flex;
  -webkit-flex-direction: column;
  -ms-flex-direction: column;
  flex-direction: column;
  width: 100%;
  margin-bottom: 20px;
  padding-left: 0;
}

.c11 {
  position: relative;
  padding: 40px 0;
  background-color: #575757;
  overflow: hidden;
}

.c13 {
  position: relative;
  display: -webkit-box;
  display: -webkit-flex;
  display: -ms-flexbox;
  display: flex;
  -webkit-flex-direction: column;
  -ms-flex-direction: column;
  flex-direction: column;
  -webkit-box-pack: justify;
  -webkit-justify-content: space-between;
  -ms-flex-pack: justify;
  justify-content: space-between;
  color: #fff;
  font-size: 0.775rem;
}

.c14 {
  -webkit-flex: 0 1 100%;
  -ms-flex: 0 1 100%;
  flex: 0 1 100%;
  width: 100%;
  text-align: left;
}

.c4 {
  -webkit-flex: 1;
  -ms-flex: 1;
  flex: 1;
  color: #e5e5e5;
}

.c4 .c21 {
  padding-left: 20px;
}

.c4 .c6 {
  color: #fff;
}

.c4 .c20 {
  color: #fff;
  padding-left: 20px;
}

@media (min-width:40.0625em) {
  .c2 {
    padding: 0 20px;
  }
}

@media (min-width:62em) {
  .c17 {
    margin-bottom: 20px;
    padding: 20px 25px;
    margin-right: 0;
    margin-bottom: 0;
  }
}

@media (min-width:40.0625em) {
  .c0 {
    padding-top: 60px;
  }
}

@media (min-width:40.0625em) {
  .c3 {
    grid-template-columns: repeat(4,1fr);
    grid-gap: 20px;
  }
}

@media (min-width:62em) {
  .c8 {
    width: auto;
  }
}

@media (min-width:62em) {
  .c13 {
    -webkit-flex-direction: row;
    -ms-flex-direction: row;
    flex-direction: row;
    margin-bottom: 0;
  }
}

@media (min-width:62em) {
  .c14 {
    -webkit-flex: 0 1 50%;
    -ms-flex: 0 1 50%;
    flex: 0 1 50%;
    width: 50%;
    max-width: 340px;
  }
}

@media (min-width:40.0625em) {
  .c4 h3 {
    margin-bottom: 40px;
  }
}

@media (min-width:40.0625em) {
  .c4 .c6 {
    font-size: 1.35em;
  }
}

<div
  className="c0"
>
  <div
    className="c1"
  >
    <div
      className="c2"
    >
      <nav
        aria-label="Footer menu"
        className="c3"
      >
        <div
          className="c4 c5"
        >
          <h3
            className="c6 c7"
          >
            Housing Advice
          </h3>
          <ul
            className="c8"
          >
            <li
              aria-haspopup={true}
              className="c9"
              role="menuitem"
            >
              <Link
                className="c10"
                to="/test-page"
              >
                Housing Advice
              </Link>
            </li>
            <li
              className="c9"
            >
              <Link
                className="c10"
                to="/sprint-7-legal-page-demo"
              >
                Benefits
              </Link>
            </li>
          </ul>
        </div>
        <div
          className="c4 c5"
        >
          <h3
            className="c6 c7"
          >
            What we do
          </h3>
          <ul
            className="c8"
          >
            <li
              aria-haspopup={false}
              className="c9"
              role="menuitem"
            >
              <Link
                className="c10"
                to="/test-page"
              >
                What we do
              </Link>
            </li>
          </ul>
        </div>
      </nav>
    </div>
  </div>
  <div
    className="c11"
  >
    <div
      className="c12"
    >
      <div
        className="c13"
      >
        <div
          className="c14"
        >
          <div
            className="c15"
          />
          <div
            className="c16"
          >
            <p>
              Some body text
            </p>
            <h2>
              Some header text
            </h2>
            <p>
              <b>
                some bollld text
              </b>
            </p>
          </div>
        </div>
        <Link
          className="c17"
          to="/"
        >
          <span
            className="isvg loading c18"
          />
        </Link>
      </div>
    </div>
  </div>
</div>
`;
