// Jest Snapshot v1, https://goo.gl/fbAQLP

exports[`Renders correctly 1`] = `
.c2 {
  max-width: 1140px;
  margin: 0 auto;
  padding: 0 20px;
  padding: 0;
}

.c11 {
  max-width: 1140px;
  margin: 0 auto;
  padding: 0 20px;
}

.c15 ul {
  padding-left: 0;
  list-style: none;
}

.c15 ul li {
  position: relative;
  padding-left: 40px;
}

.c15 ul li::before {
  content: ' ';
  position: absolute;
  top: 8px;
  left: 10px;
  display: block;
  width: 10px;
  height: 10px;
  background: #212122;
}

.c15 ul li ul {
  padding-left: 0;
  list-style: none;
}

.c15 ul li ul li:before {
  background: transparent;
  border: 1px solid #212122;
}

.c15 ol li::before {
  min-width: 10px;
}

.c5 {
  position: relative;
}

.c5:not(:first-of-type):before {
  position: absolute;
  content: ' ';
  left: 0;
  top: -10px;
  width: 100%;
}

.c6 {
  position: relative;
  font-weight: normal;
  color: #e5e5e5;
}

.c17 {
  display: block;
  width: 150px;
}

.c16 {
  display: -webkit-box;
  display: -webkit-flex;
  display: -ms-flexbox;
  display: flex;
  -webkit-align-items: center;
  -webkit-box-align: center;
  -ms-flex-align: center;
  align-items: center;
  -webkit-box-pack: center;
  -webkit-justify-content: center;
  -ms-flex-pack: center;
  justify-content: center;
  height: 52px;
  margin-right: auto;
}

.c0 {
  display: -webkit-box;
  display: -webkit-flex;
  display: -ms-flexbox;
  display: flex;
  -webkit-flex-direction: column;
  -ms-flex-direction: column;
  flex-direction: column;
  background: #212122;
  margin-top: 60px;
  padding-top: 20px;
}

.c1 {
  display: -webkit-box;
  display: -webkit-flex;
  display: -ms-flexbox;
  display: flex;
}

.c1 > div {
  width: 100%;
}

.c14 {
  display: -webkit-box;
  display: -webkit-flex;
  display: -ms-flexbox;
  display: flex;
  margin-bottom: 20px;
}

.c14 .c18 {
  color: #fff;
  fill: #fff;
}

.c3 {
  width: 100%;
  font-size: 0.775rem;
  color: #fff;
  margin-bottom: 20px;
  display: grid;
  grid-template-columns: repeat(1,1fr);
  grid-gap: 20px;
}

.c7 {
  display: -webkit-box;
  display: -webkit-flex;
  display: -ms-flexbox;
  display: flex;
  -webkit-flex-direction: column;
  -ms-flex-direction: column;
  flex-direction: column;
  width: 100%;
  list-style: none;
  margin: 0;
  padding: 0;
}

.c9 {
  font-size: 0.775rem;
  color: #fff;
}

.c9:hover {
  color: #ea232d;
}

.c8 {
  display: -webkit-box;
  display: -webkit-flex;
  display: -ms-flexbox;
  display: flex;
  -webkit-flex-direction: column;
  -ms-flex-direction: column;
  flex-direction: column;
  width: 100%;
  margin-bottom: 20px;
  padding-left: 0;
}

.c10 {
  position: relative;
  padding: 40px 0;
  background-color: #575757;
  overflow: hidden;
}

.c12 {
  position: relative;
  display: -webkit-box;
  display: -webkit-flex;
  display: -ms-flexbox;
  display: flex;
  -webkit-flex-direction: column;
  -ms-flex-direction: column;
  flex-direction: column;
  -webkit-box-pack: justify;
  -webkit-justify-content: space-between;
  -ms-flex-pack: justify;
  justify-content: space-between;
  color: #fff;
  font-size: 0.775rem;
}

.c13 {
  -webkit-flex: 0 1 100%;
  -ms-flex: 0 1 100%;
  flex: 0 1 100%;
  width: 100%;
  text-align: left;
}

.c4 {
  -webkit-flex: 1;
  -ms-flex: 1;
  flex: 1;
}

@media (min-width:62em) {
  .c2 {
    padding: 0 20px;
  }
}

@media (min-width:62em) {
  .c16 {
    margin-bottom: 20px;
    padding: 20px 25px;
    margin-right: 0;
    margin-bottom: 0;
  }
}

@media (min-width:40.0625em) {
  .c0 {
    padding-top: 60px;
  }
}

@media (min-width:40.0625em) {
  .c3 {
    grid-template-columns: repeat(4,1fr);
    grid-gap: 20px;
  }
}

@media (min-width:62em) {
  .c7 {
    width: auto;
  }
}

@media (min-width:62em) {
  .c12 {
    -webkit-flex-direction: row;
    -ms-flex-direction: row;
    flex-direction: row;
    margin-bottom: 0;
  }
}

@media (min-width:62em) {
  .c13 {
    -webkit-flex: 0 1 50%;
    -ms-flex: 0 1 50%;
    flex: 0 1 50%;
    width: 50%;
    max-width: 340px;
  }
}

@media (min-width:40.0625em) {
  .c4 h3 {
    margin-bottom: 40px;
  }
}

<div
  className="c0"
>
  <div
    className="c1"
  >
    <div
      className="c2"
    >
      <nav
        aria-label="Footer menu"
        className="c3"
      >
        <div
          className="c4 c5"
        >
          <h3
            className="c6"
          >
            Housing Advice
          </h3>
          <ul
            className="c7"
          >
            <li
              aria-haspopup={true}
              className="c8"
              role="menuitem"
            >
              <Link
                className="c9"
                to="/tobys-page"
              >
                Housing Advice
              </Link>
            </li>
            <li
              className="c8"
            >
              <Link
                className="c9"
                to="/320,000-people-in-britain-are-now-homeless"
              >
                320,000 people in Britain are now homeless
              </Link>
            </li>
            <li
              className="c8"
            >
              <Link
                className="c9"
                to="/tobys-page"
              >
                Tobys Page
              </Link>
            </li>
            <li
              className="c8"
            >
              <Link
                className="c9"
                to="/shelter-manchester-to-hold-vigil-for-lost-homeless-people"
              >
                Shelter Manchester to hold vigil for lost homeless people
              </Link>
            </li>
            <li
              className="c8"
            >
              <Link
                className="c9"
                to="/shelter-demo-page"
              >
                Shelter Demo Page
              </Link>
            </li>
          </ul>
        </div>
      </nav>
    </div>
  </div>
  <div
    className="c10"
  >
    <div
      className="c11"
    >
      <div
        className="c12"
      >
        <div
          className="c13"
        >
          <div
            className="c14"
          />
          <div
            className="c15"
            dangerouslySetInnerHTML={
              Object {
                "__html": "<p>Our advice and support services across the UK give people <b>one-to-one</p>",
              }
            }
          />
        </div>
        <Link
          className="c16"
          to="/"
        >
          <span
            className="isvg loading c17"
          />
        </Link>
      </div>
    </div>
  </div>
</div>
`;
