// Jest Snapshot v1, https://goo.gl/fbAQLP

exports[`renders correctly 1`] = `
.c0 {
  display: -webkit-box;
  display: -webkit-flex;
  display: -ms-flexbox;
  display: flex;
  -webkit-align-items: center;
  -webkit-box-align: center;
  -ms-flex-align: center;
  align-items: center;
  -webkit-box-pack: justify;
  -webkit-justify-content: space-between;
  -ms-flex-pack: justify;
  justify-content: space-between;
  padding: 10px 20px;
  background-color: #8c8c8c;
  color: #fff;
  -webkit-text-decoration: none;
  text-decoration: none;
}

.c0:hover {
  -webkit-text-decoration: underline;
  text-decoration: underline;
  color: #fff;
}

.c2 {
  font-size: 0.65em;
  display: inline-block;
  margin-right: 10px;
}

.c2:last-child {
  margin-right: 0;
}

.c1 {
  margin-bottom: 5px;
}

.c3 {
  display: block;
  fill: #fff;
  -webkit-flex-shrink: 0;
  -ms-flex-negative: 0;
  flex-shrink: 0;
  width: 20px;
  height: 20px;
}

@media (min-width:40.0625em) {
  .c3 {
    width: 25px;
    height: 25px;
  }
}

<a
  className="c0"
  download={true}
  href="//assets.ctfassets.net/6sxvmndnpn0s/6gDmPHZ04gCMMS4sOa0IEk/7c712c5e8e383bbafd61f2d9d570de4f/component_tree-pdf.pdf"
>
  <div>
    <div
      className="c1"
    >
      Button text
    </div>
    <div
      className="c2"
    >
      78.02 KB
    </div>
    <div
      className="c2"
    />
  </div>
  <span
    className="isvg loading c3"
  />
</a>
`;
