// Jest Snapshot v1, https://goo.gl/fbAQLP

exports[`Renders correctly 1`] = `
Array [
  .c1 {
  padding: 0;
  border: none;
  font: inherit;
  color: inherit;
  background-color: transparent;
  cursor: pointer;
  display: -webkit-box;
  display: -webkit-flex;
  display: -ms-flexbox;
  display: flex;
  -webkit-box-pack: center;
  -webkit-justify-content: center;
  -ms-flex-pack: center;
  justify-content: center;
  -webkit-align-items: center;
  -webkit-box-align: center;
  -ms-flex-align: center;
  align-items: center;
  width: 45px;
  height: 40px;
  padding: 0;
  margin-left: auto;
  cursor: pointer;
}

.c19 {
  padding: 0;
  border: none;
  font: inherit;
  color: inherit;
  background-color: transparent;
  cursor: pointer;
  display: -webkit-box;
  display: -webkit-flex;
  display: -ms-flexbox;
  display: flex;
  -webkit-box-pack: center;
  -webkit-justify-content: center;
  -ms-flex-pack: center;
  justify-content: center;
  -webkit-align-items: center;
  -webkit-box-align: center;
  -ms-flex-align: center;
  align-items: center;
  width: 45px;
  height: 40px;
  padding: 0;
  margin-left: auto;
  cursor: pointer;
  height: auto;
  width: 25px;
  margin-left: 5px;
}

.c19 svg {
  width: 15px;
}

.c2 {
  display: block;
  width: 20px;
}

.c20 {
  display: block;
  fill: #212122;
  width: 20px;
  cursor: pointer;
}

.c0 {
  position: fixed;
  top: 0;
  right: 0;
  bottom: 0;
  width: 80%;
  height: 100%;
  background: #fff;
  box-shadow: -1px 0 14px rgba(0,0,0,0.5);
  -webkit-transition: -webkit-transform 0.3s cubic-bezier(0,0,0.3,1);
  -webkit-transition: transform 0.3s cubic-bezier(0,0,0.3,1);
  transition: transform 0.3s cubic-bezier(0,0,0.3,1);
  -webkit-transform: translateX(0);
  -ms-transform: translateX(0);
  transform: translateX(0);
  z-index: 10;
  overflow-y: scroll;
}

.c13 {
  display: -webkit-box;
  display: -webkit-flex;
  display: -ms-flexbox;
  display: flex;
  -webkit-flex-direction: column;
  -ms-flex-direction: column;
  flex-direction: column;
  width: 100%;
  list-style: none;
  margin: 0;
  padding: 0;
}

.c11 {
  position: relative;
  display: -webkit-box;
  display: -webkit-flex;
  display: -ms-flexbox;
  display: flex;
  -webkit-flex-direction: column;
  -ms-flex-direction: column;
  flex-direction: column;
  width: 100%;
  padding: 0;
}

.c15 {
  display: -webkit-box;
  display: -webkit-flex;
  display: -ms-flexbox;
  display: flex;
  -webkit-align-items: center;
  -webkit-box-align: center;
  -ms-flex-align: center;
  align-items: center;
  margin-bottom: 0;
  padding: 0;
  border-bottom: none;
}

.c15 .c12 {
  padding: 5px 10px;
}

.c16 {
  display: -webkit-box;
  display: -webkit-flex;
  display: -ms-flexbox;
  display: flex;
  -webkit-align-items: center;
  -webkit-box-align: center;
  -ms-flex-align: center;
  align-items: center;
  margin-bottom: 0;
  padding: 10px;
  border-bottom: 1px solid #e5e5e5;
}

.c16 .c12 {
  padding: 5px 10px;
}

.c18 {
  color: #212122;
  font-size: 0.775rem;
  -webkit-text-decoration: none;
  text-decoration: none;
}

.c22 {
  display: -webkit-box;
  display: -webkit-flex;
  display: -ms-flexbox;
  display: flex;
  -webkit-flex-direction: column;
  -ms-flex-direction: column;
  flex-direction: column;
  width: 100%;
  list-style: none;
  margin: 0;
  padding: 0;
  padding: 0 10px;
}

.c22 .c14 {
  padding: 15px 10px;
}

.c22 .c14:last-child {
  border: none;
}

.c21 {
  display: none;
  -webkit-flex-direction: column;
  -ms-flex-direction: column;
  flex-direction: column;
  padding: 0 10px;
  border: none;
  list-style: none;
}

.c21 .c14:last-child {
  border: none;
}

.c23 {
  display: block;
  width: 100%;
  max-width: 1140px;
  height: 0;
  margin: 0 auto;
  overflow: hidden;
}

.c23:focus {
  height: auto;
}

.c4 {
  padding: 0;
  margin: 0;
  -webkit-clip: rect(1px,1px,1px,1px);
  clip: rect(1px,1px,1px,1px);
  -webkit-clip-path: inset(1px);
  clip-path: inset(1px);
  width: 1px;
  height: 1px;
  overflow: hidden;
  position: absolute;
  white-space: nowrap;
}

.c5 {
  display: -webkit-box;
  display: -webkit-flex;
  display: -ms-flexbox;
  display: flex;
  margin-right: 5px;
  font-size: 0.775rem;
  width: 100%;
  margin: 0 10px;
  border: 1px solid #e5e5e5;
}

.c6 {
  display: block;
  background-size: 15px 15px;
  width: auto;
  padding: 10px;
  width: 100%;
  margin-right: 1px;
  background-color: #fff;
  border: 0;
}

.c7 {
  padding: 0;
  border: none;
  font: inherit;
  color: inherit;
  background-color: transparent;
  cursor: pointer;
  display: -webkit-box;
  display: -webkit-flex;
  display: -ms-flexbox;
  display: flex;
  -webkit-box-pack: center;
  -webkit-justify-content: center;
  -ms-flex-pack: center;
  justify-content: center;
  -webkit-align-items: center;
  -webkit-box-align: center;
  -ms-flex-align: center;
  align-items: center;
  padding: 0 10px;
  background-color: #fff;
}

.c8 {
  display: block;
  width: 18px;
  fill: #0b0b89;
}

.c10 {
  display: inline-block;
  text-align: center;
  padding: 10px 1em;
  font-weight: normal;
  background-color: #12b9bf;
  border: none;
  color: #fff;
  display: -webkit-box;
  display: -webkit-flex;
  display: -ms-flexbox;
  display: flex;
  -webkit-align-items: center;
  -webkit-box-align: center;
  -ms-flex-align: center;
  align-items: center;
  -webkit-box-pack: center;
  -webkit-justify-content: center;
  -ms-flex-pack: center;
  justify-content: center;
  -webkit-text-decoration: none;
  text-decoration: none;
}

.c10:hover {
  color: #fff;
}

.c10:hover {
  color: #fff;
}

.c3 {
  display: -webkit-box;
  display: -webkit-flex;
  display: -ms-flexbox;
  display: flex;
  height: 43px;
}

.c3 .c9 {
  display: none;
}

@media (min-width:62em) {
  .c1 {
    display: none;
  }
}

@media (min-width:62em) {
  .c19 {
    display: none;
  }
}

@media (min-width:62em) {
  .c19 {
    display: -webkit-box;
    display: -webkit-flex;
    display: -ms-flexbox;
    display: flex;
  }

  .c19 svg {
    width: auto;
  }
}

@media (min-width:62em) {
  .c0 {
    position: relative;
    width: 100%;
    background: #e5e5e5;
    box-shadow: none;
    -webkit-transition: none;
    transition: none;
    -webkit-transform: translateX(0);
    -ms-transform: translateX(0);
    transform: translateX(0);
    overflow-y: visible;
  }
}

@media (min-width:62em) {
  .c13 {
    -webkit-flex-direction: row;
    -ms-flex-direction: row;
    flex-direction: row;
    width: auto;
  }
}

@media (min-width:62em) {
  .c11 {
    -webkit-flex-direction: row;
    -ms-flex-direction: row;
    flex-direction: row;
    max-width: 1140px;
    margin: 0 auto;
    padding: 0 10px;
  }
}

@media (min-width:62em) {
  .c15 .c12 {
    padding: 5px 0;
  }
}

@media (min-width:62em) {
  .c15 .c12 {
    margin-right: auto;
    padding: 0;
  }
}

@media (min-width:62em) {
  .c16 .c12 {
    padding: 5px 0;
  }
}

@media (min-width:62em) {
  .c16 .c12 {
    margin-right: auto;
    padding: 10px;
  }
}

@media (min-width:62em) {
  .c22 {
    -webkit-flex-direction: row;
    -ms-flex-direction: row;
    flex-direction: row;
    width: auto;
  }
}

@media (min-width:62em) {
  .c22 .c14:last-child {
    margin-left: 20px;
  }
}

@media (min-width:62em) {
  .c22 {
    -webkit-flex-direction: row;
    -ms-flex-direction: row;
    flex-direction: row;
    min-width: 200px;
    margin-left: auto;
    margin-right: 0;
  }

  .c22 .c17 {
    border: none;
  }
}

@media (min-width:62em) {
  .c21 {
    position: absolute;
    top: 52px;
    right: 0;
    left: 0;
    -webkit-flex-direction: row;
    -ms-flex-direction: row;
    flex-direction: row;
    -webkit-flex-wrap: wrap;
    -ms-flex-wrap: wrap;
    flex-wrap: wrap;
    width: 100%;
    height: auto;
    margin: 0;
    background: #d9d9d9;
    padding: 10px 10px;
  }
}

@media (min-width:62em) {
  .c21 .c14 {
    -webkit-flex: 0 1 calc(33.333333333333336% - 10px);
    -ms-flex: 0 1 calc(33.333333333333336% - 10px);
    flex: 0 1 calc(33.333333333333336% - 10px);
    width: 32%;
    margin-left: 10px;
    border: none;
  }
}

@media (min-width:62em) {
  .c21 .c14:hover {
    background: #212122;
  }

  .c21 .c14:hover .c17 {
    color: #fff;
  }
}

@media (min-width:62em) {
  .c5 {
    width: auto;
    border: 0;
  }
}

@media (min-width:62em) {
  .c6 {
    min-width: 185px;
  }
}

@media (min-width:62em) {
  .c10 {
    display: -webkit-box;
    display: -webkit-flex;
    display: -ms-flexbox;
    display: flex;
  }
}

@media (min-width:62em) {
  .c3 {
    display: none;
  }
}

<div
    className="c0"
  >
    <button
      aria-expanded={true}
      className="c1"
      onClick={[Function]}
      type="button"
    >
      <span
        className="isvg loading c2"
      />
    </button>
    <form
      action="/search"
      className="c3"
      method="get"
      role="search"
    >
      <legend
        className="c4"
      >
        Search this site
      </legend>
      <div
        className="c5"
      >
        <input
          className="c6"
          id="search"
          name="search"
          placeholder="Search this site..."
          type="search"
        />
        <button
          className="c7"
          type="submit"
        >
          <span
            className="isvg loading c8"
          />
        </button>
      </div>
      <Link
        className="c9 c10"
        to="/donate"
      >
        Donate
        <legend
          className="c4"
        >
          Donate
        </legend>
      </Link>
    </form>
    <nav
      aria-label="Main menu"
      className="c11"
      role="navigation"
    >
      <ul
        aria-hidden="false"
        className="c12 c13"
        role="menubar"
      >
        <li
          className="c14 c15"
        >
          <ul
            className="c12 c13"
          >
            <li
              aria-haspopup={true}
              className="c14 c16"
              role="menuitem"
            >
              <Link
                className="c17 c18"
                to="/tobys-page"
              >
                Housing Advice
              </Link>
              <button
                aria-expanded={false}
                className="c19"
                onClick={[Function]}
                type="button"
              >
                <span
                  className="isvg loading c20"
                />
              </button>
            </li>
            <ul
              aria-expanded={false}
              aria-hidden={true}
              className="c21"
              role="menu"
            >
              <li
                className="c14 c16"
              >
                <Link
                  className="c17 c18"
                  to="/320,000-people-in-britain-are-now-homeless"
                >
                  320,000 people in Britain are now homeless
                </Link>
              </li>
              <li
                className="c14 c16"
              >
                <Link
                  className="c17 c18"
                  to="/tobys-page"
                >
                  Tobys Page
                </Link>
              </li>
              <li
                className="c14 c16"
              >
                <Link
                  className="c17 c18"
                  to="/shelter-manchester-to-hold-vigil-for-lost-homeless-people"
                >
                  Shelter Manchester to hold vigil for lost homeless people
                </Link>
              </li>
              <li
                className="c14 c16"
              >
                <Link
                  className="c17 c18"
                  to="/shelter-demo-page"
                >
                  Shelter Demo Page
                </Link>
              </li>
            </ul>
          </ul>
        </li>
      </ul>
      <ul
        aria-label="Secondary menu"
        className="c12 c22"
        role="navigation"
      >
        <li
          className="c14 c16"
        >
          <Link
            className="c17 c18"
            to="/tobys-page"
          >
            Tobys Page
          </Link>
        </li>
        <li
          className="c14 c16"
        >
          <a
            className="c17 c18"
            href="https://scotland.shelter.org.uk/"
            rel="noopener"
            target="_self"
          >
            Scotland
          </a>
        </li>
      </ul>
    </nav>
    <a
      className="c23"
      href="#main"
    >
      Skip to main content
    </a>
  </div>,
  .c0 {
  display: block;
  position: fixed;
  top: 0;
  right: 0;
  bottom: 0;
  left: 0;
  z-index: 5;
  background: rgba(43,46,56,0.7);
  pointer-events: all;
  opacity: 1;
  -webkit-transition: 0.2s ease-in opacity;
  transition: 0.2s ease-in opacity;
}

@media (min-width:62em) {
  .c0 {
    width: 100%;
    opacity: 0;
    pointer-events: none;
  }
}

<div
    className="c0"
    onClick={[Function]}
  />,
]
`;
