// Jest Snapshot v1, https://goo.gl/fbAQLP

exports[`renders correctly 1`] = `
.c6 {
  display: -webkit-box;
  display: -webkit-flex;
  display: -ms-flexbox;
  display: flex;
  -webkit-align-items: center;
  -webkit-box-align: center;
  -ms-flex-align: center;
  align-items: center;
  -webkit-box-pack: justify;
  -webkit-justify-content: space-between;
  -ms-flex-pack: justify;
  justify-content: space-between;
  padding: 10px 20px;
  color: #fff;
  -webkit-text-decoration: none;
  text-decoration: none;
}

.c6:hover {
  -webkit-text-decoration: underline;
  text-decoration: underline;
}

.c8 {
  font-size: 0.65em;
  margin-bottom: 5px;
}

.c7 {
  margin-bottom: 5px;
}

.c9 {
  display: block;
  fill: #fff;
  float: right;
  -webkit-flex-shrink: 0;
  -ms-flex-negative: 0;
  flex-shrink: 0;
  width: 20px;
  height: 20px;
}

.c1 {
  max-width: 960px;
  margin: 0 auto;
  padding: 0 20px;
}

.c0 {
  padding: 20px 0;
  margin-bottom: 40px;
}

.c2 {
  overflow: hidden;
  max-width: 27em;
  width: 100%;
}

.c5 {
  font-weight: bold;
}

.c3 {
  display: none;
  float: left;
  max-width: 90px;
  margin-right: 20px;
}

.c4 {
  overflow: auto;
  position: relative;
}

@media (min-width:40.0625em) {
  .c9 {
    width: 25px;
    height: 25px;
  }
}

@media (min-width:32em) {
  .c3 {
    display: block;
  }
}

<div
  className="c0"
>
  <div
    className="c1"
  >
    <div
      className="c2"
    >
      <div
        className="c3"
      >
        <img
          alt="Collection hero"
          src="//images.ctfassets.net/6sxvmndnpn0s/2DPKnmx9Na8WYgG4ySqkA/5ca89770eb1ac36c9dbfe34d8d65eb5c/collection-hero.jpg?w=500"
        />
      </div>
      <div
        className="c4"
      >
        <p
          className="c5"
        >
          mock header text
        </p>
        <a
          className="c6"
          download={true}
          href="//assets.ctfassets.net/6sxvmndnpn0s/6gDmPHZ04gCMMS4sOa0IEk/7c712c5e8e383bbafd61f2d9d570de4f/component_tree-pdf.pdf"
        >
          <div>
            <p
              className="c7"
            >
              Mock button text
            </p>
            <p
              className="c8"
            >
              78.02 KB
            </p>
          </div>
          <span
            className="isvg loading c9"
          />
        </a>
      </div>
    </div>
  </div>
</div>
`;
