// Jest Snapshot v1, https://goo.gl/fbAQLP

exports[`Renders correctly 1`] = `
.c9 {
  padding: 0;
  border: none;
  font: inherit;
  color: inherit;
  background-color: transparent;
  cursor: pointer;
  display: -webkit-box;
  display: -webkit-flex;
  display: -ms-flexbox;
  display: flex;
  -webkit-box-pack: center;
  -webkit-justify-content: center;
  -ms-flex-pack: center;
  justify-content: center;
  -webkit-align-items: center;
  -webkit-box-align: center;
  -ms-flex-align: center;
  align-items: center;
  width: 45px;
  height: 40px;
  padding: 0;
  margin-left: auto;
  cursor: pointer;
}

.c18 {
  padding: 0;
  border: none;
  font: inherit;
  color: inherit;
  background-color: transparent;
  cursor: pointer;
  display: -webkit-box;
  display: -webkit-flex;
  display: -ms-flexbox;
  display: flex;
  -webkit-box-pack: center;
  -webkit-justify-content: center;
  -ms-flex-pack: center;
  justify-content: center;
  -webkit-align-items: center;
  -webkit-box-align: center;
  -ms-flex-align: center;
  align-items: center;
  width: 45px;
  height: 40px;
  padding: 0;
  margin-left: auto;
  cursor: pointer;
  height: auto;
  width: 25px;
}

.c18 svg {
  width: 15px;
}

.c10 {
  display: block;
  width: 20px;
}

.c19 {
  display: block;
  fill: #212122;
  width: 20px;
  cursor: pointer;
}

.c8 {
  position: fixed;
  top: 0;
  right: 0;
  bottom: 0;
  width: 80%;
  height: 100%;
  background: #fff;
  box-shadow: -1px 0 14px rgba(0,0,0,0.5);
  -webkit-transition: -webkit-transform 0.3s cubic-bezier(0,0,0.3,1);
  -webkit-transition: transform 0.3s cubic-bezier(0,0,0.3,1);
  transition: transform 0.3s cubic-bezier(0,0,0.3,1);
  -webkit-transform: translateX(120%);
  -ms-transform: translateX(120%);
  transform: translateX(120%);
  z-index: 1;
  overflow-y: scroll;
}

.c13 {
  display: -webkit-box;
  display: -webkit-flex;
  display: -ms-flexbox;
  display: flex;
  -webkit-flex-direction: column;
  -ms-flex-direction: column;
  flex-direction: column;
  width: 100%;
  list-style: none;
  margin: 0;
  padding: 0 10px;
}

.c11 {
  position: relative;
  display: -webkit-box;
  display: -webkit-flex;
  display: -ms-flexbox;
  display: flex;
  -webkit-flex-direction: column;
  -ms-flex-direction: column;
  flex-direction: column;
  width: 100%;
  height: 100%;
  padding: 0;
}

.c15 {
  display: -webkit-box;
  display: -webkit-flex;
  display: -ms-flexbox;
  display: flex;
  -webkit-align-items: center;
  -webkit-box-align: center;
  -ms-flex-align: center;
  align-items: center;
  margin-bottom: 0;
  padding: 10px;
  border-bottom: 1px solid #e5e5e5;
}

.c15 .c12 {
  padding: 5px 10px;
}

.c22 {
  display: -webkit-box;
  display: -webkit-flex;
  display: -ms-flexbox;
  display: flex;
  -webkit-align-items: center;
  -webkit-box-align: center;
  -ms-flex-align: center;
  align-items: center;
  margin-bottom: 0;
  padding: 10px;
  border-bottom: 1px solid #e5e5e5;
}

.c22 .c12 {
  padding: 5px 10px;
}

.c25 {
  display: -webkit-box;
  display: -webkit-flex;
  display: -ms-flexbox;
  display: flex;
  -webkit-align-items: center;
  -webkit-box-align: center;
  -ms-flex-align: center;
  align-items: center;
  margin-bottom: 0;
  padding: 10px;
  border-bottom: 1px solid #e5e5e5;
}

.c25 .c12 {
  padding: 5px 10px;
}

.c17 {
  color: #212122;
  font-size: 0.775rem;
  -webkit-text-decoration: none;
  text-decoration: none;
}

.c20 {
  display: none;
}

.c21 {
  display: none;
  width: 100%;
  -webkit-flex-direction: column;
  -ms-flex-direction: column;
  flex-direction: column;
  padding-left: 10px;
  border: none;
  list-style: none;
}

.c21 .c14:last-child {
  border: none;
}

.c26 {
  display: block;
  width: 100%;
  max-width: 1140px;
  height: 0;
  margin: 0 auto;
  overflow: hidden;
}

.c26:focus {
  height: auto;
}

.c27 {
  display: block;
  position: fixed;
  top: 0;
  right: 0;
  bottom: 0;
  left: 0;
  z-index: 5;
  background: rgba(43,46,56,0.7);
  pointer-events: none;
  opacity: 0;
  -webkit-transition: 0.2s ease-in opacity;
  transition: 0.2s ease-in opacity;
}

.c24 {
  padding: 0;
  margin: 0;
  -webkit-clip: rect(1px,1px,1px,1px);
  clip: rect(1px,1px,1px,1px);
  -webkit-clip-path: inset(1px);
  clip-path: inset(1px);
  width: 1px;
  height: 1px;
  overflow: hidden;
  position: absolute;
  white-space: nowrap;
}

.c23 {
  display: inline-block;
  text-align: center;
  padding: 10px 1em;
  font-weight: normal;
  background-color: #12b9bf;
  border: none;
  color: #fff;
  display: -webkit-box;
  display: -webkit-flex;
  display: -ms-flexbox;
  display: flex;
  -webkit-align-items: center;
  -webkit-box-align: center;
  -ms-flex-align: center;
  align-items: center;
  -webkit-box-pack: center;
  -webkit-justify-content: center;
  -ms-flex-pack: center;
  justify-content: center;
  -webkit-text-decoration: none;
  text-decoration: none;
  -webkit-font-smoothing: antialiased;
}

.c23:hover {
  color: #fff;
}

.c23:hover {
  color: #fff;
}

.c4 {
  display: block;
  width: 95px;
}

.c3 {
  display: -webkit-box;
  display: -webkit-flex;
  display: -ms-flexbox;
  display: flex;
  -webkit-align-items: center;
  -webkit-box-align: center;
  -ms-flex-align: center;
  align-items: center;
  -webkit-box-pack: center;
  -webkit-justify-content: center;
  -ms-flex-pack: center;
  justify-content: center;
  height: 52px;
  padding: 15px;
  background: #ea232d;
}

.c6 {
  padding: 0;
  border: none;
  font: inherit;
  color: inherit;
  background-color: transparent;
  cursor: pointer;
  display: -webkit-box;
  display: -webkit-flex;
  display: -ms-flexbox;
  display: flex;
  -webkit-box-pack: center;
  -webkit-justify-content: center;
  -ms-flex-pack: center;
  justify-content: center;
  width: 45px;
  height: 50px;
  padding: 0;
  margin-left: auto;
}

.c7 {
  display: block;
  width: 20px;
}

.c0 {
  width: 100%;
  background: #e5e5e5;
}

.c2 {
  display: -webkit-box;
  display: -webkit-flex;
  display: -ms-flexbox;
  display: flex;
  -webkit-box-pack: justify;
  -webkit-justify-content: space-between;
  -ms-flex-pack: justify;
  justify-content: space-between;
  -webkit-align-items: center;
  -webkit-box-align: center;
  -ms-flex-align: center;
  align-items: center;
  max-width: 1140px;
  width: 100%;
  background: #e5e5e5;
}

.c5 {
  display: -webkit-box;
  display: -webkit-flex;
  display: -ms-flexbox;
  display: flex;
}

.c1 {
  max-width: 1140px;
  margin: 0 auto;
  padding: 0 20px;
  padding: 0;
}

@media (min-width:62em) {
  .c9 {
    display: none;
  }
}

@media (min-width:62em) {
  .c18 {
    display: none;
  }
}

@media (min-width:62em) {
  .c18 {
    display: none;
    margin-left: 5px;
  }

  .c18 svg {
    width: auto;
  }
}

@media (min-width:62em) {
  .c8 {
    position: relative;
    width: 100%;
    background: #e5e5e5;
    box-shadow: none;
    -webkit-transition: none;
    transition: none;
    -webkit-transform: translateX(0);
    -ms-transform: translateX(0);
    transform: translateX(0);
    overflow-y: visible;
  }
}

@media (min-width:62em) {
  .c13 {
    padding: 0;
    -webkit-flex-direction: row;
    -ms-flex-direction: row;
    flex-direction: row;
    width: auto;
  }
}

@media (min-width:62em) {
  .c11 {
    -webkit-flex-direction: row;
    -ms-flex-direction: row;
    flex-direction: row;
    -webkit-box-pack: end;
    -webkit-justify-content: flex-end;
    -ms-flex-pack: end;
    justify-content: flex-end;
    max-width: 1140px;
    margin: 0 auto;
    padding: 0 10px;
  }
}

@media (min-width:62em) {
  .c15 .c12 {
    padding: 5px 0;
  }
}

@media (min-width:62em) {
  .c15 .c12 {
    margin-right: auto;
    padding: 0;
  }
}

@media (min-width:62em) {
  .c22 .c12 {
    padding: 5px 0;
  }
}

@media (min-width:62em) {
  .c22 .c12 {
    margin-right: auto;
    padding: 10px;
  }
}

@media (min-width:62em) {
  .c25 {
    padding-right: 0;
  }
}

@media (min-width:62em) {
  .c25 .c12 {
    padding: 5px 0;
  }
}

@media (min-width:62em) {
  .c25 .c12 {
    margin-right: auto;
    padding: 0;
  }
}

@media (min-width:62em) {
  .c21 {
    position: absolute;
    display: none;
    top: 52px;
    right: 0;
    left: 0;
    -webkit-flex-direction: row;
    -ms-flex-direction: row;
    flex-direction: row;
    -webkit-flex-wrap: wrap;
    -ms-flex-wrap: wrap;
    flex-wrap: wrap;
    width: 100%;
    height: auto;
    margin: 0;
    background: #d9d9d9;
    padding: 10px 10px;
  }
}

@media (min-width:62em) {
  .c21 .c14 {
    -webkit-flex: 0 1 calc(33.333333333333336% - 10px);
    -ms-flex: 0 1 calc(33.333333333333336% - 10px);
    flex: 0 1 calc(33.333333333333336% - 10px);
    width: 32%;
    margin-left: 10px;
    border: none;
  }
}

@media (min-width:62em) {
  .c21 .c14:hover {
    background: #212122;
  }

  .c21 .c14:hover .c16 {
    color: #fff;
  }
}

@media (min-width:62em) {
  .c27 {
    width: 0;
    opacity: 0;
    pointer-events: none;
  }
}

@media (min-width:62em) {
  .c23 {
    height: 100%;
  }
}

@media (min-width:62em) {
  .c4 {
    width: 115px;
  }
}

@media (min-width:62em) {
  .c3 {
    height: 68px;
    padding: 20px 25px;
  }
}

@media (min-width:62em) {
  .c6 {
    display: none;
  }
}

@media (min-width:40.0625em) {
  .c1 {
    padding: 0 20px;
  }
}

<header>
  <div
    className="c0"
  >
    <div
      className="c1"
    >
      <div
        className="c2"
      >
        <Link
          className="c3"
          to="/"
        >
          <span
            className="isvg loading c4"
          />
        </Link>
        <div
          className="c5"
        >
          <button
            aria-expanded={false}
            className="c6"
            onClick={[Function]}
            type="button"
          >
            <span
              className="isvg loading c7"
            />
          </button>
        </div>
        <div
          className="c8"
        >
          <button
            aria-expanded={false}
            className="c9"
            onClick={[Function]}
            type="button"
          >
            <span
              className="isvg loading c10"
            />
          </button>
          <nav
            aria-label="Main menu"
            className="c11"
            role="navigation"
          >
            <ul
              aria-hidden="false"
              className="c12 c13"
              role="menubar"
            >
              <li
                aria-haspopup={true}
                className="c14 c15"
                role="menuitem"
              >
                <Link
                  className="c16 c17"
                  to="/test-page"
                >
                  Housing Advice
                </Link>
                <button
                  aria-expanded={false}
                  className="tracking-subnav-button c18"
                  data-tracking="Housing Advice"
                  onClick={[Function]}
                  type="button"
                >
                  <span
                    className="isvg loading c19"
                  />
                </button>
              </li>
              <li
                className="c20"
              >
                <ul
                  aria-expanded={false}
                  aria-hidden={true}
                  className="c21"
                  role="menu"
                >
                  <li
                    className="c14 c22"
                  >
                    <Link
                      className="c16 c17"
                      to="/sprint-7-legal-page-demo"
                    >
                      Benefits
                    </Link>
                  </li>
                </ul>
              </li>
              <li
                aria-haspopup={false}
                className="c14 c15"
                role="menuitem"
              >
                <Link
                  className="c16 c17"
                  to="/test-page"
                >
                  What we do
                </Link>
              </li>
              <li
                className="c14 c15"
              >
                <Link
                  className="c23"
                  to="/donate"
                >
                  Donate
                  <legend
                    className="c24"
                  >
                    Donate
                  </legend>
                </Link>
              </li>
              <li
                className="c14 c25"
              >
                <a
                  className="c16 c17"
                  href="https://scotland.shelter.org.uk/"
                  rel="noopener noreferrer"
                  target="_blank"
                >
                  Scotland
                </a>
              </li>
            </ul>
          </nav>
          <a
            className="c26"
            href="#main"
          >
            Skip to main content
          </a>
        </div>
        <div
          className="c27"
          onClick={[Function]}
        />
      </div>
    </div>
  </div>
</header>
`;
