// Jest Snapshot v1, https://goo.gl/fbAQLP

exports[`renders correctly 1`] = `
.c0 {
  max-width: 960px;
  margin: 0 auto;
  padding: 0 20px;
}

.c2 {
  margin-bottom: 30px;
}

.c1 {
  display: -webkit-box;
  display: -webkit-flex;
  display: -ms-flexbox;
  display: flex;
  -webkit-flex-direction: column;
  -ms-flex-direction: column;
  flex-direction: column;
  margin: 40px 0;
}

.c3 {
  display: -webkit-box;
  display: -webkit-flex;
  display: -ms-flexbox;
  display: flex;
  -webkit-flex-direction: column;
  -ms-flex-direction: column;
  flex-direction: column;
  width: 100%;
}

.c4 {
  display: -webkit-box;
  display: -webkit-flex;
  display: -ms-flexbox;
  display: flex;
  -webkit-box-pack: justify;
  -webkit-justify-content: space-between;
  -ms-flex-pack: justify;
  justify-content: space-between;
  margin-bottom: 20px;
  margin-right: 20px;
  padding: 20px;
  background: #212122;
  border: 2px solid #212122;
  color: #fff;
  font-size: 1rem;
  font-weight: 400;
  -webkit-text-decoration: none;
  text-decoration: none;
}

.c4:hover {
  background: #fff;
  color: #212122;
}

.c5 {
  display: block;
  -webkit-align-self: center;
  -ms-flex-item-align: center;
  align-self: center;
  fill: #fff;
  -webkit-flex-shrink: 0;
  -ms-flex-negative: 0;
  flex-shrink: 0;
  width: 15px;
}

@media (min-width:40.0625em) {
  .c3 {
    -webkit-flex-direction: row;
    -ms-flex-direction: row;
    flex-direction: row;
    -webkit-flex-wrap: wrap;
    -ms-flex-wrap: wrap;
    flex-wrap: wrap;
  }
}

@media (min-width:40.0625em) {
  .c4 {
    -webkit-flex: 0 0 calc(33.333333333333336% - 20px);
    -ms-flex: 0 0 calc(33.333333333333336% - 20px);
    flex: 0 0 calc(33.333333333333336% - 20px);
  }
}

<div
  className="c0"
>
  <div
    className="c1"
  >
    <h2
      className="c2"
    >
      What an amazing banner
    </h2>
    <div
      className="c3"
    >
      <a
        className="c4"
        href="internal-link-slug"
      >
        Test Page Title
        <span
          className="isvg loading c5"
        />
      </a>
      <a
        className="c4"
        href="internal-link-slug"
      >
        Test Page Title
        <span
          className="isvg loading c5"
        />
      </a>
      <a
        className="c4"
        href="internal-link-slug"
      >
        Test Page Title
        <span
          className="isvg loading c5"
        />
      </a>
    </div>
  </div>
</div>
`;
