// Jest Snapshot v1, https://goo.gl/fbAQLP

exports[`renders correctly 1`] = `
.c9 {
  padding: 0;
  margin: 0;
  -webkit-clip: rect(1px,1px,1px,1px);
  clip: rect(1px,1px,1px,1px);
  -webkit-clip-path: inset(1px);
  clip-path: inset(1px);
  width: 1px;
  height: 1px;
  overflow: hidden;
  position: absolute;
  white-space: nowrap;
}

.c7 {
  border-bottom-right-radius: 3px;
  background: #8c8c8c;
  color: #fff;
  padding-top: 3px;
  height: 30px;
  width: 30px;
  position: absolute;
  right: 3px;
  bottom: 3px;
}

.c7 svg {
  width: 22px;
  height: 22px;
  display: block;
  margin: 0 auto;
}

.c8 {
  bottom: 0;
  left: 0;
  position: absolute;
  right: 0;
  top: 0;
  z-index: 0;
}

.c0 {
  display: -webkit-box;
  display: -webkit-flex;
  display: -ms-flexbox;
  display: flex;
  -webkit-flex-wrap: wrap;
  -ms-flex-wrap: wrap;
  flex-wrap: wrap;
  box-shadow: 0 1.5px 4px rgba(0,0,0,0.12),0 1.5px 6px rgba(0,0,0,0.06);
  position: relative;
  margin-bottom: 20px;
  width: 100%;
}

.c0:hover {
  box-shadow: 0 2.5px 6px rgba(0,0,0,0.16),0 2.5px 6px rgba(0,0,0,0.13);
}

.c2 {
  padding: 10px 20px;
  -webkit-flex: 1;
  -ms-flex: 1;
  flex: 1;
}

.c3 {
  margin-bottom: 5px;
}

.c4 {
  margin-bottom: 10px;
  font-weight: 500;
  line-height: 1.2;
}

.c1 {
  -webkit-align-self: center;
  -ms-flex-item-align: center;
  align-self: center;
  margin-bottom: 10px;
  width: 100%;
}

.c5 {
  display: -webkit-box;
  display: -webkit-flex;
  display: -ms-flexbox;
  display: flex;
  word-break: break-word;
  margin-bottom: 10px;
  line-height: 1;
}

.c5:last-of-type {
  margin-bottom: 0;
}

.c6 {
  margin-right: 10px;
}

.c6 svg {
  width: 18px;
  height: 18px;
}

.c6 path {
  fill: #ea232d;
}

@media (min-width:32em) {
  .c2 {
    width: 70%;
    margin-bottom: 0;
  }
}

@media (min-width:32em) {
  .c1 {
    -webkit-align-self: flex-start;
    -ms-flex-item-align: start;
    align-self: flex-start;
    margin-top: 10px;
    width: 30%;
    margin-bottom: 0;
  }
}

<div
  className="c0"
>
  <img
    alt="Collection hero"
    className="c1"
    src="//images.ctfassets.net/6sxvmndnpn0s/2DPKnmx9Na8WYgG4ySqkA/5ca89770eb1ac36c9dbfe34d8d65eb5c/collection-hero.jpg?fit=fill&h=500&w=500"
  />
  <div
    className="c2"
  >
    <h3
      className="c3"
    >
      Test
       
      Person
    </h3>
    <p
      className="c4"
    >
      Developer
    </p>
    <p
      className="c5"
    >
      <span
        className="isvg loading c6"
      />
       
      test@test.com
    </p>
    <p
      className="c5"
    >
      <span
        className="isvg loading c6"
      />
       
      012345678910
    </p>
  </div>
  <div
    aria-hidden="true"
    className="c7"
  >
    <span
      className="isvg loading"
    />
  </div>
  <Link
    className="tracking-card c8"
    data-tracking="people-collection"
    to="/internal-link-slug"
  >
    <span
      className="c9"
    >
      Test
       
      Person
    </span>
  </Link>
</div>
`;
