// Jest Snapshot v1, https://goo.gl/fbAQLP

exports[`renders correctly 1`] = `
.c4 ul {
  padding-left: 0;
  list-style: none;
}

.c4 ul li {
  position: relative;
  padding-left: 40px;
}

.c4 ul li::before {
  content: ' ';
  position: absolute;
  top: 8px;
  left: 10px;
  display: block;
  width: 10px;
  height: 10px;
  background: #212122;
}

.c4 ul li ul {
  padding-left: 0;
  list-style: none;
}

.c4 ul li ul li:before {
  background: transparent;
  border: 1px solid #212122;
}

.c4 ol li::before {
  min-width: 10px;
}

.c1 {
  margin-bottom: 40px;
  padding: 20px;
  background-color: #e5e5e5;
}

.c2 {
  position: relative;
  padding-bottom: 56.25%;
  padding-top: 25px;
  height: 0;
}

.c2 iframe {
  position: absolute;
  top: 0;
  left: 0;
  width: 100%;
  height: 100%;
}

.c3 {
  margin-top: 20px;
}

.c3 p:last-child {
  margin-bottom: 0;
}

.c0 {
  max-width: 1140px;
  margin: 0 auto;
  padding: 0 20px;
}

<div
  className="c0"
>
  <div
    className="c1"
  >
    <h3>
      'The not knowing was pretty scary'
    </h3>
    <div
      className="c2"
    >
      <div
        preload="true"
        style={
          Object {
            "height": "100%",
            "width": "100%",
          }
        }
      >
        <div
          style={
            Object {
              "height": "100%",
              "width": "100%",
            }
          }
        >
          <div />
        </div>
      </div>
      <meta
        content="'The not knowing was pretty scary'"
        itemProp="name"
      />
      <meta
        content="Lyndsay describes the moment she received a section 21"
        itemProp="description"
      />
      <meta
        content="https://www.youtube.com/watch?v=lohPp0QdV-w"
        itemProp="embedUrl"
      />
    </div>
    <div
      className="c3"
    >
      <div
        className="c4"
        dangerouslySetInnerHTML={
          Object {
            "__html": "<p>Our advice and support services across the UK give people <b>one-to-one</p>",
          }
        }
      />
    </div>
  </div>
</div>
`;
