// Jest Snapshot v1, https://goo.gl/fbAQLP

exports[`renders Header Text 1`] = `
.c1 {
  display: -webkit-box;
  display: -webkit-flex;
  display: -ms-flexbox;
  display: flex;
  -webkit-box-pack: justify;
  -webkit-justify-content: space-between;
  -ms-flex-pack: justify;
  justify-content: space-between;
  -webkit-flex-direction: column;
  -ms-flex-direction: column;
  flex-direction: column;
  width: 100%;
  margin-bottom: 20px;
  padding: 0 20px;
  border: 2px solid #0b0b89;
}

.c2 {
  display: -webkit-box;
  display: -webkit-flex;
  display: -ms-flexbox;
  display: flex;
  width: 100%;
}

.c3 {
  padding: 0;
  border: none;
  font: inherit;
  color: inherit;
  background-color: transparent;
  cursor: pointer;
  color: #4d63b5;
  -webkit-text-decoration: underline;
  text-decoration: underline;
  font-weight: 700;
  display: -webkit-box;
  display: -webkit-flex;
  display: -ms-flexbox;
  display: flex;
  width: 100%;
  padding: 20px 0;
  -webkit-text-decoration: none;
  text-decoration: none;
}

.c3:hover {
  color: #ea232d;
}

.c3:hover {
  color: #ea232d;
}

.c3:hover svg {
  fill: #ea232d;
}

.c4 {
  display: block;
  margin-right: 20px;
  fill: #0b0b89;
}

.c4 svg {
  width: 30px;
  height: 30px;
}

.c0 {
  max-width: 960px;
  margin: 0 auto;
  padding: 0 20px;
}

@media (min-width:40.0625em) {
  .c1 {
    -webkit-flex-direction: row;
    -ms-flex-direction: row;
    flex-direction: row;
    padding: 0 30px;
  }
}

@media (min-width:40.0625em) {
  .c3 {
    width: auto;
    padding: 30px 0;
  }
}

<div
  className="c0"
>
  <h3>
    Yes it renders
  </h3>
  <div
    className="c1"
  >
    <div
      className="c2"
    >
      <button
        className="c3"
        onClick={[Function]}
        onKeyDown={[Function]}
        tabIndex="0"
        type="button"
      >
        <span
          className="isvg loading c4"
        />
        Print this article
      </button>
    </div>
    <div
      className="c2"
    >
      <a
        className="c3"
        href="mailto:?&subject=Shelter&body=http://localhost:8000/"
        rel="noopener"
        target="_blank"
      >
        <span
          className="isvg loading c4"
        />
        Email
         this article
      </a>
    </div>
  </div>
</div>
`;

exports[`renders a share block with links 1`] = `
.c1 {
  display: -webkit-box;
  display: -webkit-flex;
  display: -ms-flexbox;
  display: flex;
  -webkit-box-pack: justify;
  -webkit-justify-content: space-between;
  -ms-flex-pack: justify;
  justify-content: space-between;
  -webkit-flex-direction: column;
  -ms-flex-direction: column;
  flex-direction: column;
  width: 100%;
  margin-bottom: 20px;
  padding: 0 20px;
  border: 2px solid #0b0b89;
}

.c2 {
  display: -webkit-box;
  display: -webkit-flex;
  display: -ms-flexbox;
  display: flex;
  width: 100%;
}

.c3 {
  padding: 0;
  border: none;
  font: inherit;
  color: inherit;
  background-color: transparent;
  cursor: pointer;
  color: #4d63b5;
  -webkit-text-decoration: underline;
  text-decoration: underline;
  font-weight: 700;
  display: -webkit-box;
  display: -webkit-flex;
  display: -ms-flexbox;
  display: flex;
  width: 100%;
  padding: 20px 0;
  -webkit-text-decoration: none;
  text-decoration: none;
}

.c3:hover {
  color: #ea232d;
}

.c3:hover {
  color: #ea232d;
}

.c3:hover svg {
  fill: #ea232d;
}

.c4 {
  display: block;
  margin-right: 20px;
  fill: #0b0b89;
}

.c4 svg {
  width: 30px;
  height: 30px;
}

.c0 {
  max-width: 960px;
  margin: 0 auto;
  padding: 0 20px;
}

@media (min-width:40.0625em) {
  .c1 {
    -webkit-flex-direction: row;
    -ms-flex-direction: row;
    flex-direction: row;
    padding: 0 30px;
  }
}

@media (min-width:40.0625em) {
  .c3 {
    width: auto;
    padding: 30px 0;
  }
}

<div
  className="c0"
>
  <h3>
    Yes it renders
  </h3>
  <div
    className="c1"
  >
    <div
      className="c2"
    >
      <button
        className="c3"
        onClick={[Function]}
        onKeyDown={[Function]}
        tabIndex="0"
        type="button"
      >
        <span
          className="isvg loading c4"
        />
        Print this article
      </button>
    </div>
    <div
      className="c2"
    >
      <a
        className="c3"
        href="mailto:?&subject=Shelter&body=http://localhost:8000/"
        rel="noopener"
        target="_blank"
      >
        <span
          className="isvg loading c4"
        />
        Email
         this article
      </a>
    </div>
  </div>
</div>
`;
