// Jest Snapshot v1, https://goo.gl/fbAQLP

exports[`renders correctly 1`] = `
.c1 {
  max-width: 1100px;
  margin: 0 auto;
  padding: 0 20px;
}

.c0 {
  padding: 20px 0;
  background-color: #ea232d;
  margin-bottom: 40px;
}

.c2 {
  color: #fff;
}

.c3 {
  color: #fff;
}

<section
  className="c0"
>
  <div
    className="c1"
  >
    <h2
      className="c2"
    >
      What an amazing banner
    </h2>
    <Link
      className="c3"
      to="internal-link-slug"
    >
      woooo this is a link
    </Link>
  </div>
</section>
`;
