// Jest Snapshot v1, https://goo.gl/fbAQLP

exports[`renders correctly 1`] = `
.c0 {
  margin: 60px auto;
}

.c2 {
  margin-bottom: 30px;
}

.c1 {
  margin-bottom: 40px;
}

<div
  className="c0"
>
  <div
    className="c1"
  >
    <h3
      className="c2"
      id="title-0"
    >
      Public Order Act 1986
    </h3>
  </div>
  <div
    className="c1"
  >
    <h3
      className="c2"
      id="title-1"
    >
      Police and Criminal Evidence Act 1984
    </h3>
  </div>
</div>
`;
