// Jest Snapshot v1, https://goo.gl/fbAQLP

exports[`renders correctly 1`] = `
.c0 {
  margin-bottom: 5px;
  padding: 20px;
}

.c1 {
  padding-left: 20px;
  list-style-type: square;
}

<div
  className="c0"
>
  <ul
    className="c1"
  >
    <li>
      <a
        href="#title-0"
        title="Public Order Act 1986"
      >
        Public Order Act 1986
      </a>
    </li>
    <li>
      <a
        href="#title-1"
        title="Police and Criminal Evidence Act 1984"
      >
        Police and Criminal Evidence Act 1984
      </a>
    </li>
  </ul>
</div>
`;
