// Jest Snapshot v1, https://goo.gl/fbAQLP

exports[`Renders correctly 1`] = `
Object {
  "asFragment": [Function],
  "baseElement": .c0 {
  max-width: 1140px;
  margin: 0 auto;
  padding: 0 20px;
}

.c5 {
  padding: 0;
  margin: 0;
  -webkit-clip: rect(1px,1px,1px,1px);
  clip: rect(1px,1px,1px,1px);
  -webkit-clip-path: inset(1px);
  clip-path: inset(1px);
  width: 1px;
  height: 1px;
  overflow: hidden;
  position: absolute;
  white-space: nowrap;
}

.c2 ul {
  padding-left: 0;
  list-style: none;
}

.c2 ul li {
  position: relative;
  padding-left: 40px;
}

.c2 ul li::before {
  content: ' ';
  position: absolute;
  top: 8px;
  left: 10px;
  display: block;
  width: 10px;
  height: 10px;
  background: #212122;
}

.c2 ul li ul {
  padding-left: 0;
  list-style: none;
}

.c2 ul li ul li:before {
  background: transparent;
  border: 1px solid #212122;
}

.c2 ol li::before {
  min-width: 10px;
}

.c2 blockquote {
  -webkit-flex: 1;
  -ms-flex: 1;
  flex: 1;
  position: relative;
  margin-right: 20px;
  margin-bottom: 0;
  padding: 60px 20px 20px 20px;
  border-left: 4px solid #ea232d;
  font-size: 1.35em;
  font-weight: 300;
}

.c2 blockquote:before {
  content: '';
  display: block;
  position: absolute;
  width: 30px;
  height: 30px;
  background-image: url(test-file-stub);
  top: 10px;
  left: 20px;
  color: #ea232d;
}

.c1 {
  margin-bottom: 40px;
}

.c3 {
  width: 100%;
  margin-bottom: 40px;
  border-bottom: 1px solid #f7f7f7;
}

.c4 {
  display: -webkit-box;
  display: -webkit-flex;
  display: -ms-flexbox;
  display: flex;
  max-width: 75%;
}

.c6 {
  display: block;
  background-size: 15px 15px;
  width: auto;
  padding: 10px;
  width: 100%;
  margin-right: 5px;
  background-color: #fff;
  border: 1px solid #e5e5e5;
}

.c7 {
  padding: 0;
  border: none;
  font: inherit;
  color: inherit;
  background-color: transparent;
  cursor: pointer;
  display: inline-block;
  text-align: center;
  padding: 10px 1em;
  font-weight: normal;
  background-color: #999;
  border: none;
  color: #fff;
  min-width: 30%;
}

.c7:hover {
  color: #fff;
}

.c8 {
  display: block;
  margin: 10px 0;
  color: #ea232d;
}

.c8 p {
  margin: 0;
}

.c9 svg {
  width: 25px;
  height: 25px;
  -webkit-animation: cZxgpV 2s linear infinite;
  animation: cZxgpV 2s linear infinite;
}

.c9 svg .path {
  stroke: #ea232d;
  stroke-linecap: round;
  -webkit-animation: kuSBtA 1.5s ease-in-out infinite;
  animation: kuSBtA 1.5s ease-in-out infinite;
}

@media (min-width:62em) {
  .c6 {
    min-width: 185px;
  }
}

<body>
    <div>
      <div
        class="c0"
      >
        <div
          class="c1"
        >
          <h1>
            Topic - Services Finder
          </h1>
          <div
            class="c2"
          >
            <p>
              Some body text
            </p>
            <h2>
              Some header text
            </h2>
            <p>
              <b>
                some bollld text
              </b>
            </p>
          </div>
        </div>
        <h2>
          Where are you?
        </h2>
        <p>
          Your postcode or town
        </p>
        <form
          class="c3"
          role="search"
        >
          <div
            class="c4"
          >
            <label
              class="c5"
              for="search-input"
            >
              Search for services
            </label>
            <input
              class="c6"
              data-testid="search-input"
              name="search-input"
              type="text"
              value=""
            />
            <button
              class="c7"
              disabled=""
              type="submit"
            >
              <span
                class="c5"
              >
                Submit Search
              </span>
              Find
            </button>
          </div>
          <div
            class="c8"
          >
            <span
              class="isvg loading c9"
            />
          </div>
        </form>
      </div>
    </div>
  </body>,
  "container": <div>
    <div
      class="sc-bxivhb bAZvsb"
    >
      <div
        class="sc-gisBJw TqsAK"
      >
        <h1>
          Topic - Services Finder
        </h1>
        <div
          class="sc-fAjcbJ kvRLRq"
        >
          <p>
            Some body text
          </p>
          <h2>
            Some header text
          </h2>
          <p>
            <b>
              some bollld text
            </b>
          </p>
        </div>
      </div>
      <h2>
        Where are you?
      </h2>
      <p>
        Your postcode or town
      </p>
      <form
        class="sc-kjoXOD fNiuvy"
        role="search"
      >
        <div
          class="sc-kgAjT iESWpB"
        >
          <label
            class="sc-gipzik fqhPMh"
            for="search-input"
          >
            Search for services
          </label>
          <input
            class="sc-cJSrbW dlzxDg"
            data-testid="search-input"
            name="search-input"
            type="text"
            value=""
          />
          <button
            class="sc-ksYbfQ jdrCOs"
            disabled=""
            type="submit"
          >
            <span
              class="sc-gipzik fqhPMh"
            >
              Submit Search
            </span>
            Find
          </button>
        </div>
        <div
          class="sc-hmzhuo cJhKFP"
        >
          <span
            class="isvg loading sc-frDJqD jRmhSC"
          />
        </div>
      </form>
    </div>
  </div>,
  "debug": [Function],
  "getAllByAltText": [Function],
  "getAllByDisplayValue": [Function],
  "getAllByLabelText": [Function],
  "getAllByPlaceholderText": [Function],
  "getAllByRole": [Function],
  "getAllBySelectText": [Function],
  "getAllByTestId": [Function],
  "getAllByText": [Function],
  "getAllByTitle": [Function],
  "getAllByValue": [Function],
  "getByAltText": [Function],
  "getByDisplayValue": [Function],
  "getByLabelText": [Function],
  "getByPlaceholderText": [Function],
  "getByRole": [Function],
  "getBySelectText": [Function],
  "getByTestId": [Function],
  "getByText": [Function],
  "getByTitle": [Function],
  "getByValue": [Function],
  "queryAllByAltText": [Function],
  "queryAllByDisplayValue": [Function],
  "queryAllByLabelText": [Function],
  "queryAllByPlaceholderText": [Function],
  "queryAllByRole": [Function],
  "queryAllBySelectText": [Function],
  "queryAllByTestId": [Function],
  "queryAllByText": [Function],
  "queryAllByTitle": [Function],
  "queryAllByValue": [Function],
  "queryByAltText": [Function],
  "queryByDisplayValue": [Function],
  "queryByLabelText": [Function],
  "queryByPlaceholderText": [Function],
  "queryByRole": [Function],
  "queryBySelectText": [Function],
  "queryByTestId": [Function],
  "queryByText": [Function],
  "queryByTitle": [Function],
  "queryByValue": [Function],
  "rerender": [Function],
  "unmount": [Function],
}
`;
