// Jest Snapshot v1, https://goo.gl/fbAQLP

exports[`renders correctly 1`] = `
.c0 {
  max-width: 550px;
}

.c0 select {
  max-width: 100%;
}

.c4 {
  margin-right: 10px;
  vertical-align: middle;
}

.c3 {
  margin-bottom: 10px;
  margin-right: 10px;
}

.c5 {
  margin-bottom: 0;
  line-height: 1;
  vertical-align: middle;
}

.c2 {
  display: -webkit-box;
  display: -webkit-flex;
  display: -ms-flexbox;
  display: flex;
}

.c1 {
  display: block;
  margin-bottom: 20px;
}

<form
  className="c0"
  onReset={[Function]}
  onSubmit={[Function]}
>
  <h3>
    My Heading
  </h3>
  <fieldset
    className="c1"
  >
    <div
      className="c2"
    >
      <div
        className="c3"
      >
        <input
          checked={false}
          className="c4"
          id="helpful-1"
          name="helpful"
          onBlur={[Function]}
          onChange={[Function]}
          type="radio"
          value="Yes"
        />
        <label
          className="c5"
          htmlFor="helpful-1"
        >
          Yes
        </label>
      </div>
      <div
        className="c3"
      >
        <input
          checked={false}
          className="c4"
          id="helpful-2"
          name="helpful"
          onBlur={[Function]}
          onChange={[Function]}
          type="radio"
          value="No"
        />
        <label
          className="c5"
          htmlFor="helpful-2"
        >
          No
        </label>
      </div>
      <div
        className="c3"
      >
        <input
          checked={false}
          className="c4"
          id="helpful-3"
          name="helpful"
          onBlur={[Function]}
          onChange={[Function]}
          type="radio"
          value="YesBut"
        />
        <label
          className="c5"
          htmlFor="helpful-3"
        >
          Yes but
        </label>
      </div>
    </div>
  </fieldset>
  
</form>
`;
