// Jest Snapshot v1, https://goo.gl/fbAQLP

exports[`renders correctly 1`] = `
.c0 {
  display: -webkit-box;
  display: -webkit-flex;
  display: -ms-flexbox;
  display: flex;
  background-color: #f7f7f7;
  padding: 20px;
  font-size: 0.775rem;
  margin-bottom: 20px;
}

.c0 img {
  width: 45px;
  height: 76px;
  margin-right: 10px;
}

.c0 div {
  white-space: pre-line;
}

.c0 p {
  margin-bottom: 10px;
}

.c0 a {
  -webkit-text-decoration: none;
  text-decoration: none;
}

<div
  className="c0"
>
  <img
    alt=""
    src="test-file-stub?h=76&w=50"
  />
  <div>
    <p>
      Housing laws differ between Scotland and England. 
      

      This content applies to 
      <strong>
        Scotland only.
      </strong>
      

    </p>
    <a
      href="//england.shelter.org.uk"
    >
      Get advice if you're England
    </a>
    

  </div>
</div>
`;
