// Jest Snapshot v1, https://goo.gl/fbAQLP

exports[`renders correctly 1`] = `
.c1 {
  margin-bottom: 40px;
}

.c1 a {
  -webkit-text-decoration: none;
  text-decoration: none;
}

.c0 {
  max-width: 960px;
  margin: 0 auto;
  padding: 0 20px;
}

<div
  className="c0"
>
  <aside>
    <nav
      className="c1"
    >
      <h4>
        An example of a advice guide
      </h4>
      <ol>
        <li>
          <Link
            to="Advice page 1"
          >
            Advice guide test
          </Link>
        </li>
        <li>
          <Link
            to="Advice page 2"
          >
            Advice guide test
          </Link>
        </li>
        <li>
          Advice guide test
        </li>
        <li>
          <Link
            to="Advice page 4"
          >
            Advice guide test
          </Link>
        </li>
      </ol>
    </nav>
  </aside>
</div>
`;
