// Jest Snapshot v1, https://goo.gl/fbAQLP

exports[`renders correctly 1`] = `
.c0 {
  margin-bottom: 40px;
}

.c0 a {
  -webkit-text-decoration: none;
  text-decoration: none;
}

<aside>
  <nav
    className="c0"
  >
    <h4>
      An example of a advice guide
    </h4>
    <ol>
      <li>
        <Link
          to="/Advice page 1"
        >
          Advice guide test
        </Link>
      </li>
      <li>
        <Link
          to="/Advice page 2"
        >
          Advice guide test
        </Link>
      </li>
      <li>
        Advice guide test
      </li>
      <li>
        <Link
          to="/Advice page 4"
        >
          Advice guide test
        </Link>
      </li>
    </ol>
  </nav>
</aside>
`;
