// Jest Snapshot v1, https://goo.gl/fbAQLP

exports[`renders correctly 1`] = `
.c1 {
  max-width: 1140px;
  margin: 0 auto;
  padding: 0 20px;
}

.c3 ul {
  padding-left: 0;
  list-style: none;
}

.c3 ul li {
  position: relative;
  padding-left: 40px;
}

.c3 ul li::before {
  content: ' ';
  position: absolute;
  top: 8px;
  left: 10px;
  display: block;
  width: 10px;
  height: 10px;
  background: #212122;
}

.c3 ul li ul {
  padding-left: 0;
  list-style: none;
}

.c3 ul li ul li:before {
  background: transparent;
  border: 1px solid #212122;
}

.c3 ol li::before {
  min-width: 10px;
}

.c0 {
  padding: 60px 0;
  background-color: #e5e5e5;
  margin-bottom: 60px;
}

.c2 {
  text-align: center;
  margin: 0 auto;
}

.c2 > p:last-of-type {
  margin-bottom: 0;
}

.c4 {
  color: #ea232d;
}

@media (min-width:40.0625em) {
  .c2 {
    max-width: 66.666%;
  }
}

<section
  className="c0"
>
  <div
    className="c1"
  >
    <div
      className="c2"
    >
      <h2>
        Mock header
      </h2>
      <div
        className="c3"
      >
        <p>
          Some body text
        </p>
        <h2>
          Some header text
        </h2>
        <p>
          <b>
            some bollld text
          </b>
        </p>
      </div>
      <p>
        Call us on: 
        <span
          className="c4"
        >
          012345 67890
        </span>
      </p>
    </div>
  </div>
</section>
`;
